arunsk7891@arun-HP-Ubuntu:~/scripts$ xclip -sel clip < ~/.ssh/id_rsa.pub

< ADDED THE ABOVE COPIED KEY TO GIT CCOUNT SETTINGS >



arunsk7891@arun-HP-Ubuntu:~/scripts$ ls
bash_file_operation.sh  case_operations.sh  GIT SSH EXTRA         readme
case_operations         Create_filename.sh  git_SSH_Key_creation  README.md
arunsk7891@arun-HP-Ubuntu:~/scripts$ nano README.md
arunsk7891@arun-HP-Ubuntu:~/scripts$ git status
On branch master
Your branch is up-to-date with 'origin/master'.
Changes not staged for commit:
  (use "git add <file>..." to update what will be committed)
  (use "git checkout -- <file>..." to discard changes in working directory)

	modified:   README.md

Untracked files:
  (use "git add <file>..." to include in what will be committed)

	GIT SSH EXTRA
	case_operations

no changes added to commit (use "git add" and/or "git commit -a")
arunsk7891@arun-HP-Ubuntu:~/scripts$ git add
Nothing specified, nothing added.
Maybe you wanted to say 'git add .'?
arunsk7891@arun-HP-Ubuntu:~/scripts$ git add  README.MD
fatal: pathspec 'README.MD' did not match any files
arunsk7891@arun-HP-Ubuntu:~/scripts$ git add README.MD
fatal: pathspec 'README.MD' did not match any files
arunsk7891@arun-HP-Ubuntu:~/scripts$ git add README.md
arunsk7891@arun-HP-Ubuntu:~/scripts$ git commit -m "ADDED SSH KEY FINAL TIME COMMITING AGAIN TESTING "
[master 2a0e0e4] ADDED SSH KEY FINAL TIME COMMITING AGAIN TESTING
 1 file changed, 4 insertions(+)
arunsk7891@arun-HP-Ubuntu:~/scripts$ git pusg origin master
git: 'pusg' is not a git command. See 'git --help'.

Did you mean this?
	push
arunsk7891@arun-HP-Ubuntu:~/scripts$ git push origin master


<AGAIN ASKING FOR GIT HUB USER NAME PASSWORD > 


Username for 'https://github.com': arunsk7891	
Password for 'https://arunsk7891@github.com': 
Counting objects: 3, done.
Delta compression using up to 4 threads.
Compressing objects: 100% (3/3), done.
Writing objects: 100% (3/3), 373 bytes | 0 bytes/s, done.
Total 3 (delta 1), reused 0 (delta 0)
remote: Resolving deltas: 100% (1/1), completed with 1 local object.
To https://github.com/arunsk7891/Scripts.git
   2d1ad9a..2a0e0e4  master -> master
arunsk7891@arun-HP-Ubuntu:~/scripts$ ^C
arunsk7891@arun-HP-Ubuntu:~/scripts$ 

