arunsk7891@arun-HP-Ubuntu:~/scripts$ ssh -T git@github.com
Hi arunsk7891! You've successfully authenticated, but GitHub does not provide shell access.

<VERIFIED  SSH> 


arunsk7891@arun-HP-Ubuntu:~/scripts$ nano README.md
arunsk7891@arun-HP-Ubuntu:~/scripts$ git status
On branch master
Your branch is up-to-date with 'origin/master'.
Changes not staged for commit:
  (use "git add <file>..." to update what will be committed)
  (use "git checkout -- <file>..." to discard changes in working directory)

	modified:   README.md

Untracked files:
  (use "git add <file>..." to include in what will be committed)

	GIT SSH EXTRA
	case_operations

no changes added to commit (use "git add" and/or "git commit -a")
arunsk7891@arun-HP-Ubuntu:~/scripts$ git add README.md
arunsk7891@arun-HP-Ubuntu:~/scripts$ git commit -m "again trying after final time after verifying ssh -t git~"
[master 7228f6b] again trying after final time after verifying ssh -t git~
 1 file changed, 2 insertions(+)
arunsk7891@arun-HP-Ubuntu:~/scripts$ git remote add origin https://github.com/arunsk7891/Scripts
fatal: remote origin already exists.
arunsk7891@arun-HP-Ubuntu:~/scripts$ git push -u origin master
Username for 'https://github.com':


<STILL ASKING THE USER NAME > 



