nothing added to commit but untracked files present (use "git add" to track)
arunsk7891@arun-HP-Ubuntu:~/scripts$  git add
Nothing specified, nothing added.
Maybe you wanted to say 'git add .'?
arunsk7891@arun-HP-Ubuntu:~/scripts$ git add <readme>
bash: syntax error near unexpected token `newline'
arunsk7891@arun-HP-Ubuntu:~/scripts$ git add readme
arunsk7891@arun-HP-Ubuntu:~/scripts$ git commit -m "Added key again testing:"
[master 2d1ad9a] Added key again testing:
 1 file changed, 1 insertion(+)
 create mode 100644 readme
arunsk7891@arun-HP-Ubuntu:~/scripts$ git push origin master
Username for 'https://github.com': arunsk7891
Password for 'https://arunsk7891@github.com': 
Counting objects: 3, done.
Delta compression using up to 4 threads.
Compressing objects: 100% (2/2), done.
Writing objects: 100% (3/3), 295 bytes | 0 bytes/s, done.
Total 3 (delta 1), reused 0 (delta 0)
remote: Resolving deltas: 100% (1/1), completed with 1 local object.
To https://github.com/arunsk7891/Scripts.git
   8ecb783..2d1ad9a  master -> master
arunsk7891@arun-HP-Ubuntu:~/scripts$ clear

arunsk7891@arun-HP-Ubuntu:~/scripts$ ssh-keygen -t rsa -b 4096 -C "arunsk1610@gmail.com"
Generating public/private rsa key pair.
Enter file in which to save the key (/home/arunsk7891/.ssh/id_rsa): 
/home/arunsk7891/.ssh/id_rsa already exists.
Overwrite (y/n)? y
Enter passphrase (empty for no passphrase): 
Enter same passphrase again: 
Your identification has been saved in /home/arunsk7891/.ssh/id_rsa.
Your public key has been saved in /home/arunsk7891/.ssh/id_rsa.pub.
The key fingerprint is:
SHA256:h0MVmobhyEpmyu4QYnSOjeHyJHE7fpY96BbkhEE+x6w arunsk1610@gmail.com
The key's randomart image is:
+---[RSA 4096]----+
| ..   .   o.     |
| ..+ o o +       |
|.oB+* o =        |
|+BO*o  o .       |
|**E*    S .      |
|=* .o+   o       |
|..o =.o          |
|o  +.  .         |
| . ..            |
+----[SHA256]-----+
arunsk7891@arun-HP-Ubuntu:~/scripts$ eval "$(ssh-agent -s)"
Agent pid 8576
arunsk7891@arun-HP-Ubuntu:~/scripts$ ssh-add ~/.ssh/id_rsa
Enter passphrase for /home/arunsk7891/.ssh/id_rsa: 
Identity added: /home/arunsk7891/.ssh/id_rsa (/home/arunsk7891/.ssh/id_rsa)
arunsk7891@arun-HP-Ubuntu:~/scripts$ ^C
arunsk7891@arun-HP-Ubuntu:~/scripts$ 

